// Jest Snapshot v1, https://goo.gl/fbAQLP

exports[`MovieOverview component should renders correctly 1`] = `
Array [
  <div
    className="movie-rating"
  >
    <div
      className="movie-rating__score"
    >
      8.2
    </div>
    <p
      className="movie-rating__meta"
    >
      <span
        className="movie-rating__level"
      >
        Very good
      </span>
      <span
        className="movie-rating__count"
      >
        796619 ratings
      </span>
    </p>
  </div>,
  <div
    className="movie-card__text"
  >
    <p>
      An NYPD officer tries to save his wife and several others taken hostage by German terrorists during a Christmas party at the Nakatomi Plaza in Los Angeles.
    </p>
    <p
      className="movie-card__director"
    >
      <strong>
        Director: 
        John McTiernan
      </strong>
    </p>
    <p
      className="movie-card__starring"
    >
      <strong>
        Starring: 
        Bruce Willis
        Alan Rickman
        Bonnie Bedelia
      </strong>
    </p>
  </div>,
]
`;
