// Jest Snapshot v1, https://goo.gl/fbAQLP

exports[`Catalog component should render movies catalog 1`] = `
<section
  className="catalog"
>
  <h2
    className="catalog__title visually-hidden"
  >
    Catalog
  </h2>
  <ul
    className="catalog__genres-list"
  >
    <li
      className="catalog__genres-item catalog__genres-item--active"
    >
      <a
        className="catalog__genres-link"
        href="#"
        onClick={[Function]}
      >
        All genres
      </a>
    </li>
    <li
      className="catalog__genres-item"
    >
      <a
        className="catalog__genres-link"
        href="#"
        onClick={[Function]}
      >
        Fantasy
      </a>
    </li>
    <li
      className="catalog__genres-item"
    >
      <a
        className="catalog__genres-link"
        href="#"
        onClick={[Function]}
      >
        Biography
      </a>
    </li>
    <li
      className="catalog__genres-item"
    >
      <a
        className="catalog__genres-link"
        href="#"
        onClick={[Function]}
      >
        Thriller
      </a>
    </li>
    <li
      className="catalog__genres-item"
    >
      <a
        className="catalog__genres-link"
        href="#"
        onClick={[Function]}
      >
        Comedy
      </a>
    </li>
    <li
      className="catalog__genres-item"
    >
      <a
        className="catalog__genres-link"
        href="#"
        onClick={[Function]}
      >
        Adventure
      </a>
    </li>
    <li
      className="catalog__genres-item"
    >
      <a
        className="catalog__genres-link"
        href="#"
        onClick={[Function]}
      >
        Crime
      </a>
    </li>
    <li
      className="catalog__genres-item"
    >
      <a
        className="catalog__genres-link"
        href="#"
        onClick={[Function]}
      >
        Action
      </a>
    </li>
  </ul>
  <div
    className="catalog__movies-list"
  >
    <article
      className="small-movie-card catalog__movies-card"
      onClick={[Function]}
      onMouseEnter={[Function]}
      onMouseLeave={[Function]}
    >
      <div
        className="small-movie-card__image"
      >
        <img
          alt="Fantastic Beasts: The Crimes of Grindelwald"
          height={175}
          src="img/fantastic-beasts-the-crimes-of-grindelwald.jpg"
          width={280}
        />
      </div>
      <h3
        className="small-movie-card__title"
      >
        <a
          className="small-movie-card__link"
          href="/movies/1"
          onClick={[Function]}
        >
          Fantastic Beasts: The Crimes of Grindelwald
        </a>
      </h3>
    </article>
    <article
      className="small-movie-card catalog__movies-card"
      onClick={[Function]}
      onMouseEnter={[Function]}
      onMouseLeave={[Function]}
    >
      <div
        className="small-movie-card__image"
      >
        <img
          alt="Bohemian Rhapsody"
          height={175}
          src="img/bohemian-rhapsody.jpg"
          width={280}
        />
      </div>
      <h3
        className="small-movie-card__title"
      >
        <a
          className="small-movie-card__link"
          href="/movies/2"
          onClick={[Function]}
        >
          Bohemian Rhapsody
        </a>
      </h3>
    </article>
    <article
      className="small-movie-card catalog__movies-card"
      onClick={[Function]}
      onMouseEnter={[Function]}
      onMouseLeave={[Function]}
    >
      <div
        className="small-movie-card__image"
      >
        <img
          alt="We need to talk about Kevin"
          height={175}
          src="img/we-need-to-talk-about-kevin.jpg"
          width={280}
        />
      </div>
      <h3
        className="small-movie-card__title"
      >
        <a
          className="small-movie-card__link"
          href="/movies/3"
          onClick={[Function]}
        >
          We need to talk about Kevin
        </a>
      </h3>
    </article>
    <article
      className="small-movie-card catalog__movies-card"
      onClick={[Function]}
      onMouseEnter={[Function]}
      onMouseLeave={[Function]}
    >
      <div
        className="small-movie-card__image"
      >
        <img
          alt="What We Do in the Shadows"
          height={175}
          src="img/what-we-do-in-the-shadows.jpg"
          width={280}
        />
      </div>
      <h3
        className="small-movie-card__title"
      >
        <a
          className="small-movie-card__link"
          href="/movies/4"
          onClick={[Function]}
        >
          What We Do in the Shadows
        </a>
      </h3>
    </article>
  </div>
</section>
`;
