// Jest Snapshot v1, https://goo.gl/fbAQLP

exports[`Header component should render correctly 1`] = `
<header
  className="page-header movie-card__head"
>
  <div
    className="logo"
  >
    <a
      className="logo__link"
      href="/"
      onClick={[Function]}
    >
      <span
        className="logo__letter logo__letter--1"
      >
        W
      </span>
      <span
        className="logo__letter logo__letter--2"
      >
        T
      </span>
      <span
        className="logo__letter logo__letter--3"
      >
        W
      </span>
    </a>
  </div>
  <div
    className="user-block"
  >
    <div
      className="user-block__avatar"
    >
      <a
        href="/mylist"
        onClick={[Function]}
      >
        <img
          alt="Oliver.conner@gmail.com"
          height={63}
          src="https://4.react.pages.academy/img/1.png"
          width={63}
        />
      </a>
    </div>
  </div>
</header>
`;
