// Jest Snapshot v1, https://goo.gl/fbAQLP

exports[`UserBlock component should render correctly 1`] = `
<div
  className="user-block"
>
  <div
    className="user-block__avatar"
  >
    <a
      href="/mylist"
      onClick={[Function]}
    >
      <img
        alt="Oliver.conner@gmail.com"
        height={63}
        src="https://4.react.pages.academy/img/1.png"
        width={63}
      />
    </a>
  </div>
</div>
`;
