// Jest Snapshot v1, https://goo.gl/fbAQLP

exports[`withActiveTab component should render correctly 1`] = `<div />`;
