// Jest Snapshot v1, https://goo.gl/fbAQLP

exports[`withShowMore component should render correctly 1`] = `<div />`;
