// Jest Snapshot v1, https://goo.gl/fbAQLP

exports[`withActiveItem component should render correctly 1`] = `<div />`;
