// Jest Snapshot v1, https://goo.gl/fbAQLP

exports[`AddReviewPage should render correctly 1`] = `
<section
  className="movie-card movie-card--full"
  style={
    Object {
      "backgroundColor": undefined,
    }
  }
>
  <div
    className="movie-card__header"
  >
    <div
      className="movie-card__bg"
    >
      <img
        alt="Fantastic Beasts: The Crimes of Grindelwald"
        src="https://via.placeholder.com/1300x552"
      />
    </div>
    <h1
      className="visually-hidden"
    >
      WTW
    </h1>
    <header
      className="page-header movie-card__head"
    >
      <div
        className="logo"
      >
        <a
          className="logo__link"
          href="/"
          onClick={[Function]}
        >
          <span
            className="logo__letter logo__letter--1"
          >
            W
          </span>
          <span
            className="logo__letter logo__letter--2"
          >
            T
          </span>
          <span
            className="logo__letter logo__letter--3"
          >
            W
          </span>
        </a>
      </div>
      <nav
        className="breadcrumbs"
      >
        <ul
          className="breadcrumbs__list"
        >
          <li
            className="breadcrumbs__item"
          >
            <a
              className="breadcrumbs__link"
              href="/movies/1"
              onClick={[Function]}
            >
              Fantastic Beasts: The Crimes of Grindelwald
            </a>
          </li>
          <li
            className="breadcrumbs__item"
          >
            <a
              className="breadcrumbs__link"
            >
              Add review
            </a>
          </li>
        </ul>
      </nav>
      <div
        className="user-block"
      >
        <div
          className="user-block__avatar"
        >
          <a
            href="/mylist"
            onClick={[Function]}
          >
            <img
              alt="Oliver.conner@gmail.com"
              height={63}
              src="https://4.react.pages.academy/img/1.png"
              width={63}
            />
          </a>
        </div>
      </div>
    </header>
    <div
      className="movie-card__poster movie-card__poster--small"
    >
      <img
        alt="Fantastic Beasts: The Crimes of Grindelwald poster"
        height={327}
        src="https://via.placeholder.com/273x410"
        width={218}
      />
    </div>
  </div>
  <div
    className="add-review"
  >
    <form
      action="#"
      className="add-review__form"
      onSubmit={[Function]}
    >
      <div
        className="rating"
      >
        <div
          className="rating__stars"
        >
          <input
            checked={false}
            className="rating__input"
            defaultValue={1}
            disabled={false}
            id="star-1"
            name="rating"
            onChange={[Function]}
            type="radio"
          />
          <label
            className="rating__label"
            htmlFor="star-1"
          >
            Rating 1
          </label>
          <input
            checked={false}
            className="rating__input"
            defaultValue={2}
            disabled={false}
            id="star-2"
            name="rating"
            onChange={[Function]}
            type="radio"
          />
          <label
            className="rating__label"
            htmlFor="star-2"
          >
            Rating 2
          </label>
          <input
            checked={false}
            className="rating__input"
            defaultValue={3}
            disabled={false}
            id="star-3"
            name="rating"
            onChange={[Function]}
            type="radio"
          />
          <label
            className="rating__label"
            htmlFor="star-3"
          >
            Rating 3
          </label>
          <input
            checked={false}
            className="rating__input"
            defaultValue={4}
            disabled={false}
            id="star-4"
            name="rating"
            onChange={[Function]}
            type="radio"
          />
          <label
            className="rating__label"
            htmlFor="star-4"
          >
            Rating 4
          </label>
          <input
            checked={true}
            className="rating__input"
            defaultValue={5}
            disabled={false}
            id="star-5"
            name="rating"
            onChange={[Function]}
            type="radio"
          />
          <label
            className="rating__label"
            htmlFor="star-5"
          >
            Rating 5
          </label>
        </div>
      </div>
      <div
        className="add-review__text"
      >
        <textarea
          className="add-review__textarea"
          disabled={false}
          id="review-text"
          name="review-text"
          onChange={[Function]}
          placeholder="Review text"
          value="Sick movie y'know"
        />
        <div
          className="add-review__submit"
        >
          <button
            className="add-review__btn"
            disabled={false}
            type="submit"
          >
            Post
          </button>
        </div>
      </div>
    </form>
  </div>
</section>
`;
